#-----------------------------------------------------------
# Vivado v2024.2 (64-bit)
# SW Build 5239630 on Fri Nov 08 22:35:27 MST 2024
# IP Build 5239520 on Sun Nov 10 16:12:51 MST 2024
# SharedData Build 5239561 on Fri Nov 08 14:39:27 MST 2024
# Start of session at: Sat Mar  7 09:54:41 2026
# Process ID         : 7120
# Current directory  : C:/Users/Ahmed/Desktop/academic course/pfe2026/MedEdge-Transformer/test/open_led/open_led.runs/impl_1
# Command line       : vivado.exe -log led.vdi -applog -product Vivado -messageDb vivado.pb -mode batch -source led.tcl -notrace
# Log file           : C:/Users/Ahmed/Desktop/academic course/pfe2026/MedEdge-Transformer/test/open_led/open_led.runs/impl_1/led.vdi
# Journal file       : C:/Users/Ahmed/Desktop/academic course/pfe2026/MedEdge-Transformer/test/open_led/open_led.runs/impl_1\vivado.jou
# Running On         : DESKTOP-88SD8FS
# Platform           : Windows Server 2016 or Windows 10
# Operating System   : 19045
# Processor Detail   : AMD Ryzen 7 4800H with Radeon Graphics         
# CPU Frequency      : 2894 MHz
# CPU Physical cores : 8
# CPU Logical cores  : 16
# Host memory        : 16505 MB
# Swap memory        : 7784 MB
# Total Virtual      : 24290 MB
# Available Virtual  : 11258 MB
#-----------------------------------------------------------
source led.tcl -notrace
